[INFO] Scanning for projects...
[INFO] 
[INFO] --------------------------< com.hms:backend >---------------------------
[INFO] Building backend 0.0.1-SNAPSHOT
[INFO]   from pom.xml
[INFO] --------------------------------[ jar ]---------------------------------
[INFO] 
[INFO] --- resources:3.3.1:resources (default-resources) @ backend ---
[INFO] Copying 1 resource from src\main\resources to target\classes
[INFO] Copying 0 resource from src\main\resources to target\classes
[INFO] 
[INFO] --- compiler:3.11.0:compile (default-compile) @ backend ---
[INFO] Changes detected - recompiling the module! :source
[INFO] Compiling 13 source files with javac [debug release 17] to target\classes
[INFO] -------------------------------------------------------------
[ERROR] COMPILATION ERROR : 
[INFO] -------------------------------------------------------------
[ERROR] /D:/hospital_management/backend/backend_new/sb-backend/src/main/java/com/hms/security/JwtUtils.java:[24,20] cannot find symbol
  symbol:   variable Keys
  location: class com.hms.security.JwtUtils
[ERROR] /D:/hospital_management/backend/backend_new/sb-backend/src/main/java/com/hms/controllers/AppointmentController.java:[99,19] incompatible types: inference variable T has incompatible bounds
    equality constraints: java.util.Map<java.lang.String,java.lang.Object>
    lower bounds: java.util.Map<java.lang.String,java.lang.Object&java.io.Serializable&java.lang.Comparable<? extends java.lang.Object&java.io.Serializable&java.lang.Comparable<?>&java.lang.constant.Constable&java.lang.constant.ConstantDesc>&java.lang.constant.Constable&java.lang.constant.ConstantDesc>
[ERROR] /D:/hospital_management/backend/backend_new/sb-backend/src/main/java/com/hms/controllers/AppointmentController.java:[111,18] incompatible types: inference variable T has incompatible bounds
    equality constraints: java.util.Map<java.lang.String,java.lang.Object>
    lower bounds: java.util.Map<java.lang.String,java.lang.Object&java.io.Serializable&java.lang.Comparable<? extends java.lang.Object&java.io.Serializable&java.lang.Comparable<?>&java.lang.constant.Constable&java.lang.constant.ConstantDesc>&java.lang.constant.Constable&java.lang.constant.ConstantDesc>
[INFO] 3 errors 
[INFO] -------------------------------------------------------------
[INFO] ------------------------------------------------------------------------
[INFO] BUILD FAILURE
[INFO] ------------------------------------------------------------------------
[INFO] Total time:  3.148 s
[INFO] Finished at: 2026-03-11T20:03:28+05:30
[INFO] ------------------------------------------------------------------------
[ERROR] Failed to execute goal org.apache.maven.plugins:maven-compiler-plugin:3.11.0:compile (default-compile) on project backend: Compilation failure: Compilation failure: 
[ERROR] /D:/hospital_management/backend/backend_new/sb-backend/src/main/java/com/hms/security/JwtUtils.java:[24,20] cannot find symbol
[ERROR]   symbol:   variable Keys
[ERROR]   location: class com.hms.security.JwtUtils
[ERROR] /D:/hospital_management/backend/backend_new/sb-backend/src/main/java/com/hms/controllers/AppointmentController.java:[99,19] incompatible types: inference variable T has incompatible bounds
[ERROR]     equality constraints: java.util.Map<java.lang.String,java.lang.Object>
[ERROR]     lower bounds: java.util.Map<java.lang.String,java.lang.Object&java.io.Serializable&java.lang.Comparable<? extends java.lang.Object&java.io.Serializable&java.lang.Comparable<?>&java.lang.constant.Constable&java.lang.constant.ConstantDesc>&java.lang.constant.Constable&java.lang.constant.ConstantDesc>
[ERROR] /D:/hospital_management/backend/backend_new/sb-backend/src/main/java/com/hms/controllers/AppointmentController.java:[111,18] incompatible types: inference variable T has incompatible bounds
[ERROR]     equality constraints: java.util.Map<java.lang.String,java.lang.Object>
[ERROR]     lower bounds: java.util.Map<java.lang.String,java.lang.Object&java.io.Serializable&java.lang.Comparable<? extends java.lang.Object&java.io.Serializable&java.lang.Comparable<?>&java.lang.constant.Constable&java.lang.constant.ConstantDesc>&java.lang.constant.Constable&java.lang.constant.ConstantDesc>
[ERROR] -> [Help 1]
[ERROR] 
[ERROR] To see the full stack trace of the errors, re-run Maven with the -e switch.
[ERROR] Re-run Maven using the -X switch to enable full debug logging.
[ERROR] 
[ERROR] For more information about the errors and possible solutions, please read the following articles:
[ERROR] [Help 1] http://cwiki.apache.org/confluence/display/MAVEN/MojoFailureException
